../Core/Src/main.c:189:5:main	8	static
../Core/Src/main.c:347:6:SystemClock_Config	88	static
../Core/Src/main.c:405:13:MX_USART3_UART_Init	8	static
../Core/Src/main.c:440:13:MX_USB_OTG_FS_PCD_Init	8	static
../Core/Src/main.c:475:13:MX_GPIO_Init	56	static
../Core/Src/main.c:567:13:sensorGyroInit	16	static
../Core/Src/main.c:569:13:sensorGyroRead	16	static
../Core/Src/main.c:579:13:sensorAccInit	16	static
../Core/Src/main.c:581:13:sensorAccRead	16	static
../Core/Src/main.c:594:13:sensorMagInit	16	static
../Core/Src/main.c:596:13:sensorMagRead	16	static
../Core/Src/main.c:606:13:sensorBaroInit	16	static
../Core/Src/main.c:610:13:sensorBaroRead	16	static
../Core/Src/main.c:627:6:startTaskControlMotor	16	static
../Core/Src/main.c:647:6:startTaskAttitude	16	static
../Core/Src/main.c:668:6:startTaskAltitude	16	static
../Core/Src/main.c:687:6:StartRecoverAcc	16	static
../Core/Src/main.c:727:6:StartRecoverPress	16	static
../Core/Src/main.c:752:6:StartRecoverMag	16	static
../Core/Src/main.c:780:6:StartPrintData	960	static
../Core/Src/main.c:873:6:StartRecoverGyro	16	static
../Core/Src/main.c:902:6:HAL_TIM_PeriodElapsedCallback	16	static
../Core/Src/main.c:919:6:Error_Handler	4	static,ignoring_inline_asm
